
> securevote-ai@0.0.0 build
> vite build

[36mvite v6.4.1 [32mbuilding for production...[36m[39m
transforming...
[32mΓ£ô[39m 2465 modules transformed.
node.exe : [31mΓ£ù[39m Build failed in 3.36s
At C:\Program Files\nodejs\npm.ps1:29 char:3
+   & $NODE_EXE $NPM_CLI_JS $args
+   ~~~~~~~~~~~~~~~~~~~~~~~~~~~~~
    + CategoryInfo          : NotSpecified: ([31mΓ£ù[ 
   39m Build failed in 3.36s:String) [], RemoteExcepti  
  on
    + FullyQualifiedErrorId : NativeCommandError
 
[31merror during build:
[31mpages/user/VotingPage.tsx (10:41): 
"generateVerificationToken" is not exported by 
"services/faceService.ts", imported by 
"pages/user/VotingPage.tsx".[31m
file: [36mD:/evote 
2.0/pages/user/VotingPage.tsx:10:41[31m
[33m
 8: import { VerificationCamera } from 
'../../components/VerificationCamera';
 9: import { LogConsole } from 
'../../components/UI/LogConsole';
10: import { verifyFace, checkBackendHealth, 
generateVerificationToken } from 
'../../services/faceService';
                                             ^
11: import { logger } from 
'../../services/loggerService';
12: import { supabaseVoter, supabase } from 
'../../supabase';
[31m
    at getRollupError (file:///D:/evote%202.0/node_modul
es/rollup/dist/es/shared/parseAst.js:401:41)
    at error (file:///D:/evote%202.0/node_modules/rollup
/dist/es/shared/parseAst.js:397:42)
    at Module.error (file:///D:/evote%202.0/node_modules
/rollup/dist/es/shared/node-entry.js:16956:16)
    at Module.traceVariable (file:///D:/evote%202.0/node
_modules/rollup/dist/es/shared/node-entry.js:17412:29)
    at ModuleScope.findVariable (file:///D:/evote%202.0/
node_modules/rollup/dist/es/shared/node-entry.js:15076:3
9)
    at ReturnValueScope.findVariable (file:///D:/evote%2
02.0/node_modules/rollup/dist/es/shared/node-entry.js:56
49:38)
    at FunctionBodyScope.findVariable (file:///D:/evote%
202.0/node_modules/rollup/dist/es/shared/node-entry.js:5
649:38)
    at ReturnValueScope.findVariable (file:///D:/evote%2
02.0/node_modules/rollup/dist/es/shared/node-entry.js:56
49:38)
    at FunctionBodyScope.findVariable (file:///D:/evote%
202.0/node_modules/rollup/dist/es/shared/node-entry.js:5
649:38)
    at BlockScope.findVariable (file:///D:/evote%202.0/n
ode_modules/rollup/dist/es/shared/node-entry.js:5649:38)
[39m
